// Jest Snapshot v1, https://goo.gl/fbAQLP

exports[`Column renders correctly: 
      <div
       class="column is-half is-center">
      Column entry
      </div>
     1`] = `
<div
  class="column is-half is-center"
>
  Column entry
</div>
`;
